test
some more changes
